#-----------------------------------------------------------
# xsim v2026.1 (64-bit)
# SW Build 6511674 on Tue Jun 16 11:02:23 MDT 2026
# IP Build 6504888 on Tue Jun 09 09:05:25 MDT 2026
# SharedData Build 6501428 on Mon Jun 08 17:34:18 MDT 2026
# Start of session at: Sat Sep 12 22:35:21 2026
# Process ID         : 44432
# Current directory  : D:/Learn/robotdreams/Homework_002/Counter/Counter.srcs
# Command line       : xsim.exe -mode tcl -source {xsim.dir/tb_sim/xsim_script.tcl}
# Log file           : D:/Learn/robotdreams/Homework_002/Counter/Counter.srcs/xsim.log
# Journal file       : D:/Learn/robotdreams/Homework_002/Counter/Counter.srcs\xsim.jou
# Running On         : DESKTOP-IOFH4PG
# Platform           : Windows 11
# Operating System   : 26200
# Processor Detail   : 13th Gen Intel(R) Core(TM) i7-13650HX
# CPU Frequency      : 2803 MHz
# CPU Physical cores : 14
# CPU Logical cores  : 20
# Host memory        : 34053 MB
# Swap memory        : 18253 MB
# Total Virtual      : 52307 MB
# Available Virtual  : 14660 MB
#-----------------------------------------------------------
source xsim.dir/tb_sim/xsim_script.tcl
# xsim {tb_sim} -autoloadwcfg -runall
Time resolution is 1 ps
run -all
PASS: LOAD TEST
PASS: COUNT UP to 13
PASS: COUNT UP & OVERFLOW
PASS: HOLD EN
PASS: COUNT DOWN & OVERFLOW
PASS: PRIORITY LOAD & EN
PASS: BONUS TEST UP
PASS: BONUS TEST DOWN
PASS: BONUS TEST RST
$finish called at time : 412 ns : File "D:/Learn/robotdreams/Homework_002/Counter/Counter.srcs/sim_1/new/tb_counter.v" Line 103
exit
INFO: [Common 17-206] Exiting xsim at Sat Sep 12 22:35:23 2026...
